============================= test session starts =============================
platform win32 -- Python 3.12.5, pytest-8.3.2, pluggy-1.5.0
rootdir: C:\Users\ayush\Desktop\z coordinate\honeybee-fixes\honeybee-schema
collected 4 items

tests\test_constructionset.py ....                                       [100%]

============================== 4 passed in 0.18s ==============================
